Server started http://0.0.0.0:3000
Traceback (most recent call last):
  File "/home/ebagfey/codechecker/web/tests/functional/authentication/oauth_server.py", line 116, in <module>
    webServer.serve_forever()
  File "/usr/lib/python3.10/socketserver.py", line 232, in serve_forever
    ready = selector.select(poll_interval)
  File "/usr/lib/python3.10/selectors.py", line 416, in select
    fd_event_list = self._selector.poll(timeout)
KeyboardInterrupt
Server started http://0.0.0.0:3000
Traceback (most recent call last):
  File "/home/ebagfey/codechecker/web/tests/functional/authentication/oauth_server.py", line 116, in <module>
    webServer.serve_forever()
  File "/usr/lib/python3.10/socketserver.py", line 232, in serve_forever
    ready = selector.select(poll_interval)
  File "/usr/lib/python3.10/selectors.py", line 416, in select
    fd_event_list = self._selector.poll(timeout)
KeyboardInterrupt
Server started http://0.0.0.0:3000
Traceback (most recent call last):
  File "/home/ebagfey/codechecker/web/tests/functional/authentication/oauth_server.py", line 116, in <module>
    webServer.serve_forever()
  File "/usr/lib/python3.10/socketserver.py", line 232, in serve_forever
    ready = selector.select(poll_interval)
  File "/usr/lib/python3.10/selectors.py", line 416, in select
    fd_event_list = self._selector.poll(timeout)
KeyboardInterrupt
