./files/sample.c:5:13-14: WARNING comparing pointer to 0
